exports[`test renders correctly 1`] = `
<View
  style={
    Object {
      "alignItems": "center",
      "backgroundColor": "#E6E6E6",
      "borderColor": "#C6C6C6",
      "borderWidth": 1,
      "elevation": 3,
      "flex": 1,
      "justifyContent": "center",
      "marginBottom": 10,
      "marginLeft": 10,
      "marginRight": 10,
      "marginTop": 72,
    }
  }>
  <ScrollView
    contentContainerStyle={
      Object {
        "alignItems": "center",
        "backgroundColor": "#E6E6E6",
      }
    }>
    <Image
      source={
        Object {
          "uri": undefined,
        }
      }
      style={
        Object {
          "height": 80,
          "margin": 10,
          "width": 80,
        }
      } />
    <Text
      accessible={true}
      allowFontScaling={true}
      ellipsizeMode="tail"
      style={
        Object {
          "fontSize": 25,
          "fontWeight": "bold",
          "marginTop": 5,
          "textAlign": "right",
        }
      }>
       
    </Text>
    <View
      style={
        Object {
          "alignItems": "center",
          "marginLeft": 15,
          "marginRight": 15,
          "marginTop": 15,
        }
      }>
      <Text
        accessible={true}
        allowFontScaling={true}
        ellipsizeMode="tail"
        style={
          Object {
            "fontSize": 20,
            "paddingLeft": 10,
            "paddingRight": 10,
            "textAlign": "center",
          }
        }>
         
        ¿La tienda está ordenada?
         
      </Text>
      <View
        style={
          Object {
            "flexDirection": "row",
            "justifyContent": "space-between",
          }
        }>
        <View
          accessibilityComponentType="button"
          accessibilityLabel={undefined}
          accessibilityTraits="button"
          accessible={true}
          hitSlop={undefined}
          onLayout={undefined}
          onResponderGrant={[Function]}
          onResponderMove={[Function]}
          onResponderRelease={[Function]}
          onResponderTerminate={[Function]}
          onResponderTerminationRequest={[Function]}
          onStartShouldSetResponder={[Function]}
          style={
            Object {
              "opacity": 1,
            }
          }
          testID={undefined}>
          <Text
            accessible={true}
            allowFontScaling={false}
            ellipsizeMode="tail"
            style={
              Array [
                Object {
                  "color": "gold",
                  "fontFamily": "Ionicons",
                  "fontSize": 40,
                  "fontStyle": "normal",
                  "fontWeight": "normal",
                },
                undefined,
              ]
            }>
            
          </Text>
        </View>
        <View
          accessibilityComponentType="button"
          accessibilityLabel={undefined}
          accessibilityTraits="button"
          accessible={true}
          hitSlop={undefined}
          onLayout={undefined}
          onResponderGrant={[Function]}
          onResponderMove={[Function]}
          onResponderRelease={[Function]}
          onResponderTerminate={[Function]}
          onResponderTerminationRequest={[Function]}
          onStartShouldSetResponder={[Function]}
          style={
            Object {
              "opacity": 1,
            }
          }
          testID={undefined}>
          <Text
            accessible={true}
            allowFontScaling={false}
            ellipsizeMode="tail"
            style={
              Array [
                Object {
                  "color": "gold",
                  "fontFamily": "Ionicons",
                  "fontSize": 40,
                  "fontStyle": "normal",
                  "fontWeight": "normal",
                },
                undefined,
              ]
            }>
            
          </Text>
        </View>
        <View
          accessibilityComponentType="button"
          accessibilityLabel={undefined}
          accessibilityTraits="button"
          accessible={true}
          hitSlop={undefined}
          onLayout={undefined}
          onResponderGrant={[Function]}
          onResponderMove={[Function]}
          onResponderRelease={[Function]}
          onResponderTerminate={[Function]}
          onResponderTerminationRequest={[Function]}
          onStartShouldSetResponder={[Function]}
          style={
            Object {
              "opacity": 1,
            }
          }
          testID={undefined}>
          <Text
            accessible={true}
            allowFontScaling={false}
            ellipsizeMode="tail"
            style={
              Array [
                Object {
                  "color": "gray",
                  "fontFamily": "Ionicons",
                  "fontSize": 40,
                  "fontStyle": "normal",
                  "fontWeight": "normal",
                },
                undefined,
              ]
            }>
            
          </Text>
        </View>
        <View
          accessibilityComponentType="button"
          accessibilityLabel={undefined}
          accessibilityTraits="button"
          accessible={true}
          hitSlop={undefined}
          onLayout={undefined}
          onResponderGrant={[Function]}
          onResponderMove={[Function]}
          onResponderRelease={[Function]}
          onResponderTerminate={[Function]}
          onResponderTerminationRequest={[Function]}
          onStartShouldSetResponder={[Function]}
          style={
            Object {
              "opacity": 1,
            }
          }
          testID={undefined}>
          <Text
            accessible={true}
            allowFontScaling={false}
            ellipsizeMode="tail"
            style={
              Array [
                Object {
                  "color": "gray",
                  "fontFamily": "Ionicons",
                  "fontSize": 40,
                  "fontStyle": "normal",
                  "fontWeight": "normal",
                },
                undefined,
              ]
            }>
            
          </Text>
        </View>
        <View
          accessibilityComponentType="button"
          accessibilityLabel={undefined}
          accessibilityTraits="button"
          accessible={true}
          hitSlop={undefined}
          onLayout={undefined}
          onResponderGrant={[Function]}
          onResponderMove={[Function]}
          onResponderRelease={[Function]}
          onResponderTerminate={[Function]}
          onResponderTerminationRequest={[Function]}
          onStartShouldSetResponder={[Function]}
          style={
            Object {
              "opacity": 1,
            }
          }
          testID={undefined}>
          <Text
            accessible={true}
            allowFontScaling={false}
            ellipsizeMode="tail"
            style={
              Array [
                Object {
                  "color": "gray",
                  "fontFamily": "Ionicons",
                  "fontSize": 40,
                  "fontStyle": "normal",
                  "fontWeight": "normal",
                },
                undefined,
              ]
            }>
            
          </Text>
        </View>
      </View>
    </View>
    <View
      style={
        Object {
          "alignItems": "center",
          "marginLeft": 15,
          "marginRight": 15,
          "marginTop": 15,
        }
      }>
      <Text
        accessible={true}
        allowFontScaling={true}
        ellipsizeMode="tail"
        style={
          Object {
            "fontSize": 20,
            "paddingLeft": 10,
            "paddingRight": 10,
            "textAlign": "center",
          }
        }>
         
        ¿Le gustan los productos de la tienda?
         
      </Text>
      <View
        style={
          Object {
            "flexDirection": "row",
            "justifyContent": "space-between",
          }
        }>
        <View
          accessibilityComponentType="button"
          accessibilityLabel={undefined}
          accessibilityTraits="button"
          accessible={true}
          hitSlop={undefined}
          onLayout={undefined}
          onResponderGrant={[Function]}
          onResponderMove={[Function]}
          onResponderRelease={[Function]}
          onResponderTerminate={[Function]}
          onResponderTerminationRequest={[Function]}
          onStartShouldSetResponder={[Function]}
          style={
            Object {
              "opacity": 1,
            }
          }
          testID={undefined}>
          <Text
            accessible={true}
            allowFontScaling={false}
            ellipsizeMode="tail"
            style={
              Array [
                Object {
                  "color": "gold",
                  "fontFamily": "Ionicons",
                  "fontSize": 40,
                  "fontStyle": "normal",
                  "fontWeight": "normal",
                },
                undefined,
              ]
            }>
            
          </Text>
        </View>
        <View
          accessibilityComponentType="button"
          accessibilityLabel={undefined}
          accessibilityTraits="button"
          accessible={true}
          hitSlop={undefined}
          onLayout={undefined}
          onResponderGrant={[Function]}
          onResponderMove={[Function]}
          onResponderRelease={[Function]}
          onResponderTerminate={[Function]}
          onResponderTerminationRequest={[Function]}
          onStartShouldSetResponder={[Function]}
          style={
            Object {
              "opacity": 1,
            }
          }
          testID={undefined}>
          <Text
            accessible={true}
            allowFontScaling={false}
            ellipsizeMode="tail"
            style={
              Array [
                Object {
                  "color": "gold",
                  "fontFamily": "Ionicons",
                  "fontSize": 40,
                  "fontStyle": "normal",
                  "fontWeight": "normal",
                },
                undefined,
              ]
            }>
            
          </Text>
        </View>
        <View
          accessibilityComponentType="button"
          accessibilityLabel={undefined}
          accessibilityTraits="button"
          accessible={true}
          hitSlop={undefined}
          onLayout={undefined}
          onResponderGrant={[Function]}
          onResponderMove={[Function]}
          onResponderRelease={[Function]}
          onResponderTerminate={[Function]}
          onResponderTerminationRequest={[Function]}
          onStartShouldSetResponder={[Function]}
          style={
            Object {
              "opacity": 1,
            }
          }
          testID={undefined}>
          <Text
            accessible={true}
            allowFontScaling={false}
            ellipsizeMode="tail"
            style={
              Array [
                Object {
                  "color": "gold",
                  "fontFamily": "Ionicons",
                  "fontSize": 40,
                  "fontStyle": "normal",
                  "fontWeight": "normal",
                },
                undefined,
              ]
            }>
            
          </Text>
        </View>
        <View
          accessibilityComponentType="button"
          accessibilityLabel={undefined}
          accessibilityTraits="button"
          accessible={true}
          hitSlop={undefined}
          onLayout={undefined}
          onResponderGrant={[Function]}
          onResponderMove={[Function]}
          onResponderRelease={[Function]}
          onResponderTerminate={[Function]}
          onResponderTerminationRequest={[Function]}
          onStartShouldSetResponder={[Function]}
          style={
            Object {
              "opacity": 1,
            }
          }
          testID={undefined}>
          <Text
            accessible={true}
            allowFontScaling={false}
            ellipsizeMode="tail"
            style={
              Array [
                Object {
                  "color": "gray",
                  "fontFamily": "Ionicons",
                  "fontSize": 40,
                  "fontStyle": "normal",
                  "fontWeight": "normal",
                },
                undefined,
              ]
            }>
            
          </Text>
        </View>
        <View
          accessibilityComponentType="button"
          accessibilityLabel={undefined}
          accessibilityTraits="button"
          accessible={true}
          hitSlop={undefined}
          onLayout={undefined}
          onResponderGrant={[Function]}
          onResponderMove={[Function]}
          onResponderRelease={[Function]}
          onResponderTerminate={[Function]}
          onResponderTerminationRequest={[Function]}
          onStartShouldSetResponder={[Function]}
          style={
            Object {
              "opacity": 1,
            }
          }
          testID={undefined}>
          <Text
            accessible={true}
            allowFontScaling={false}
            ellipsizeMode="tail"
            style={
              Array [
                Object {
                  "color": "gray",
                  "fontFamily": "Ionicons",
                  "fontSize": 40,
                  "fontStyle": "normal",
                  "fontWeight": "normal",
                },
                undefined,
              ]
            }>
            
          </Text>
        </View>
      </View>
    </View>
    <View
      style={
        Object {
          "alignItems": "center",
          "marginLeft": 15,
          "marginRight": 15,
          "marginTop": 15,
        }
      }>
      <Text
        accessible={true}
        allowFontScaling={true}
        ellipsizeMode="tail"
        style={
          Object {
            "fontSize": 20,
            "paddingLeft": 10,
            "paddingRight": 10,
            "textAlign": "center",
          }
        }>
         
        ¿Qué nota le pondría a la tienda en general?
         
      </Text>
      <View
        style={
          Object {
            "flexDirection": "row",
            "justifyContent": "space-between",
          }
        }>
        <View
          accessibilityComponentType="button"
          accessibilityLabel={undefined}
          accessibilityTraits="button"
          accessible={true}
          hitSlop={undefined}
          onLayout={undefined}
          onResponderGrant={[Function]}
          onResponderMove={[Function]}
          onResponderRelease={[Function]}
          onResponderTerminate={[Function]}
          onResponderTerminationRequest={[Function]}
          onStartShouldSetResponder={[Function]}
          style={
            Object {
              "opacity": 1,
            }
          }
          testID={undefined}>
          <Text
            accessible={true}
            allowFontScaling={false}
            ellipsizeMode="tail"
            style={
              Array [
                Object {
                  "color": "gold",
                  "fontFamily": "Ionicons",
                  "fontSize": 40,
                  "fontStyle": "normal",
                  "fontWeight": "normal",
                },
                undefined,
              ]
            }>
            
          </Text>
        </View>
        <View
          accessibilityComponentType="button"
          accessibilityLabel={undefined}
          accessibilityTraits="button"
          accessible={true}
          hitSlop={undefined}
          onLayout={undefined}
          onResponderGrant={[Function]}
          onResponderMove={[Function]}
          onResponderRelease={[Function]}
          onResponderTerminate={[Function]}
          onResponderTerminationRequest={[Function]}
          onStartShouldSetResponder={[Function]}
          style={
            Object {
              "opacity": 1,
            }
          }
          testID={undefined}>
          <Text
            accessible={true}
            allowFontScaling={false}
            ellipsizeMode="tail"
            style={
              Array [
                Object {
                  "color": "gold",
                  "fontFamily": "Ionicons",
                  "fontSize": 40,
                  "fontStyle": "normal",
                  "fontWeight": "normal",
                },
                undefined,
              ]
            }>
            
          </Text>
        </View>
        <View
          accessibilityComponentType="button"
          accessibilityLabel={undefined}
          accessibilityTraits="button"
          accessible={true}
          hitSlop={undefined}
          onLayout={undefined}
          onResponderGrant={[Function]}
          onResponderMove={[Function]}
          onResponderRelease={[Function]}
          onResponderTerminate={[Function]}
          onResponderTerminationRequest={[Function]}
          onStartShouldSetResponder={[Function]}
          style={
            Object {
              "opacity": 1,
            }
          }
          testID={undefined}>
          <Text
            accessible={true}
            allowFontScaling={false}
            ellipsizeMode="tail"
            style={
              Array [
                Object {
                  "color": "gray",
                  "fontFamily": "Ionicons",
                  "fontSize": 40,
                  "fontStyle": "normal",
                  "fontWeight": "normal",
                },
                undefined,
              ]
            }>
            
          </Text>
        </View>
        <View
          accessibilityComponentType="button"
          accessibilityLabel={undefined}
          accessibilityTraits="button"
          accessible={true}
          hitSlop={undefined}
          onLayout={undefined}
          onResponderGrant={[Function]}
          onResponderMove={[Function]}
          onResponderRelease={[Function]}
          onResponderTerminate={[Function]}
          onResponderTerminationRequest={[Function]}
          onStartShouldSetResponder={[Function]}
          style={
            Object {
              "opacity": 1,
            }
          }
          testID={undefined}>
          <Text
            accessible={true}
            allowFontScaling={false}
            ellipsizeMode="tail"
            style={
              Array [
                Object {
                  "color": "gray",
                  "fontFamily": "Ionicons",
                  "fontSize": 40,
                  "fontStyle": "normal",
                  "fontWeight": "normal",
                },
                undefined,
              ]
            }>
            
          </Text>
        </View>
        <View
          accessibilityComponentType="button"
          accessibilityLabel={undefined}
          accessibilityTraits="button"
          accessible={true}
          hitSlop={undefined}
          onLayout={undefined}
          onResponderGrant={[Function]}
          onResponderMove={[Function]}
          onResponderRelease={[Function]}
          onResponderTerminate={[Function]}
          onResponderTerminationRequest={[Function]}
          onStartShouldSetResponder={[Function]}
          style={
            Object {
              "opacity": 1,
            }
          }
          testID={undefined}>
          <Text
            accessible={true}
            allowFontScaling={false}
            ellipsizeMode="tail"
            style={
              Array [
                Object {
                  "color": "gray",
                  "fontFamily": "Ionicons",
                  "fontSize": 40,
                  "fontStyle": "normal",
                  "fontWeight": "normal",
                },
                undefined,
              ]
            }>
            
          </Text>
        </View>
      </View>
    </View>
    <View
      style={
        Object {
          "alignItems": "center",
          "marginLeft": 15,
          "marginRight": 15,
          "marginTop": 15,
        }
      }>
      <Text
        accessible={true}
        allowFontScaling={true}
        ellipsizeMode="tail"
        style={
          Object {
            "fontSize": 20,
            "paddingLeft": 10,
            "paddingRight": 10,
            "textAlign": "center",
          }
        }>
         Tu comentario 
      </Text>
      <Text
        accessible={true}
        allowFontScaling={true}
        ellipsizeMode="tail"
        style={
          Array [
            Object {
              "marginTop": 10,
            },
            Object {
              "fontSize": 16,
              "textAlign": "center",
            },
          ]
        }>
         
      </Text>
    </View>
  </ScrollView>
</View>
`;
