exports[`test renders correctly 1`] = `
<View
  style={
    Object {
      "alignItems": "center",
      "flex": 1,
      "flexDirection": "row",
      "justifyContent": "center",
    }
  }>
  <View
    style={
      Object {
        "alignItems": "center",
        "flex": 1,
        "flexDirection": "column",
        "justifyContent": "center",
        "maxWidth": 250,
      }
    }>
    <View
      style={
        Object {
          "backgroundColor": "#E6F4F6",
          "borderRadius": 50,
          "height": 100,
          "marginBottom": 20,
          "width": 100,
        }
      } />
    <Text
      accessible={true}
      allowFontScaling={true}
      ellipsizeMode="tail"
      style={
        Object {
          "color": "#888888",
          "fontSize": 24,
          "fontWeight": "bold",
          "marginBottom": 30,
        }
      }>
      Â¡Bienvenido!
    </Text>
    <View
      style={
        Object {
          "flexDirection": "row",
          "marginBottom": 10,
        }
      }>
      <View
        accessibilityComponentType={undefined}
        accessibilityLabel={undefined}
        accessibilityTraits={undefined}
        accessible={true}
        hitSlop={undefined}
        onLayout={undefined}
        onResponderGrant={[Function]}
        onResponderMove={[Function]}
        onResponderRelease={[Function]}
        onResponderTerminate={[Function]}
        onResponderTerminationRequest={[Function]}
        onStartShouldSetResponder={[Function]}
        style={
          Array [
            Object {
              "backgroundColor": "transparent",
            },
            Object {
              "alignItems": "center",
              "backgroundColor": "#F0F0F0",
              "borderRadius": 5,
              "flex": 1,
              "flexDirection": "row",
              "justifyContent": "center",
            },
          ]
        }
        testID={undefined}>
        <Text
          accessible={true}
          allowFontScaling={true}
          ellipsizeMode="tail"
          style={
            Object {
              "color": "#A7A7A7",
              "fontSize": 15,
              "paddingBottom": 10,
              "paddingTop": 10,
            }
          }>
          ENTRAR
        </Text>
      </View>
      <View
        style={
          Object {
            "width": 10,
          }
        } />
      <View
        accessibilityComponentType={undefined}
        accessibilityLabel={undefined}
        accessibilityTraits={undefined}
        accessible={true}
        hitSlop={undefined}
        onLayout={undefined}
        onResponderGrant={[Function]}
        onResponderMove={[Function]}
        onResponderRelease={[Function]}
        onResponderTerminate={[Function]}
        onResponderTerminationRequest={[Function]}
        onStartShouldSetResponder={[Function]}
        style={
          Array [
            Object {
              "backgroundColor": "transparent",
            },
            Object {
              "alignItems": "center",
              "backgroundColor": "#3FA9F5",
              "borderRadius": 5,
              "flex": 1,
              "flexDirection": "row",
              "justifyContent": "center",
            },
          ]
        }
        testID={undefined}>
        <Text
          accessible={true}
          allowFontScaling={true}
          ellipsizeMode="tail"
          style={
            Object {
              "color": "white",
              "fontSize": 15,
              "paddingBottom": 10,
              "paddingTop": 10,
            }
          }>
          REGISTRARSE
        </Text>
      </View>
    </View>
    <View
      style={
        Object {
          "flexDirection": "row",
          "marginBottom": 10,
        }
      }>
      <RCTFBLoginButton
        onChange={[Function]}
        onLoginFinished={[Function]}
        onLogoutFinished={[Function]}
        publishPermissions={
          Array [
            "publish_actions",
          ]
        }
        style={
          Object {
            "alignItems": "center",
            "borderRadius": 5,
            "height": 32,
            "marginTop": 20,
            "width": 180,
          }
        } />
    </View>
  </View>
</View>
`;
