exports[`test renders correctly 1`] = `
<View
  style={
    Object {
      "marginBottom": 10,
      "marginLeft": 10,
      "marginRight": 10,
      "marginTop": 72,
    }
  }>
  <ScrollView
    dataSource={
      ListViewDataSource {
        "items": 5,
      }
    }
    initialListSize={10}
    onContentSizeChange={[Function]}
    onEndReachedThreshold={1000}
    onKeyboardDidHide={undefined}
    onKeyboardDidShow={undefined}
    onKeyboardWillHide={undefined}
    onKeyboardWillShow={undefined}
    onLayout={[Function]}
    onScroll={[Function]}
    pageSize={1}
    removeClippedSubviews={true}
    renderRow={[Function]}
    scrollEventThrottle={50}
    scrollRenderAheadDistance={1000}
    stickyHeaderIndices={Array []}>
    <View
      accessibilityComponentType={undefined}
      accessibilityLabel={undefined}
      accessibilityTraits={undefined}
      accessible={true}
      hitSlop={undefined}
      onLayout={undefined}
      onResponderGrant={[Function]}
      onResponderMove={[Function]}
      onResponderRelease={[Function]}
      onResponderTerminate={[Function]}
      onResponderTerminationRequest={[Function]}
      onStartShouldSetResponder={[Function]}
      style={
        Array [
          Object {
            "backgroundColor": "transparent",
          },
          undefined,
        ]
      }
      testID={undefined}>
      <View
        style={
          Object {
            "borderBottomWidth": 1,
            "borderColor": "#969696",
            "flex": 2,
            "flexDirection": "row",
            "padding": 2,
            "width": 750,
          }
        }>
        <Image
          source={
            Object {
              "uri": "http://www.borde.cl/wp-content/uploads/2005/11/Americanino-2.png",
            }
          }
          style={
            Object {
              "flex": 1,
              "height": 80,
            }
          } />
        <View
          style={
            Object {
              "alignItems": "center",
              "backgroundColor": "#E6E6E6",
              "flex": 1,
              "justifyContent": "center",
            }
          }>
          <Text
            accessible={true}
            allowFontScaling={true}
            ellipsizeMode="tail"
            numberOfLines={3}
            style={
              Object {
                "fontSize": 25,
              }
            }>
            $100.000
          </Text>
        </View>
      </View>
    </View>
    <View
      accessibilityComponentType={undefined}
      accessibilityLabel={undefined}
      accessibilityTraits={undefined}
      accessible={true}
      hitSlop={undefined}
      onLayout={undefined}
      onResponderGrant={[Function]}
      onResponderMove={[Function]}
      onResponderRelease={[Function]}
      onResponderTerminate={[Function]}
      onResponderTerminationRequest={[Function]}
      onStartShouldSetResponder={[Function]}
      style={
        Array [
          Object {
            "backgroundColor": "transparent",
          },
          undefined,
        ]
      }
      testID={undefined}>
      <View
        style={
          Object {
            "borderBottomWidth": 1,
            "borderColor": "#969696",
            "flex": 2,
            "flexDirection": "row",
            "padding": 2,
            "width": 750,
          }
        }>
        <Image
          source={
            Object {
              "uri": "http://static03.ofertia.cl/comercios/Umbrale/profile-850.v11.png",
            }
          }
          style={
            Object {
              "flex": 1,
              "height": 80,
            }
          } />
        <View
          style={
            Object {
              "alignItems": "center",
              "backgroundColor": "#E6E6E6",
              "flex": 1,
              "justifyContent": "center",
            }
          }>
          <Text
            accessible={true}
            allowFontScaling={true}
            ellipsizeMode="tail"
            numberOfLines={3}
            style={
              Object {
                "fontSize": 25,
              }
            }>
            $35.000
          </Text>
        </View>
      </View>
    </View>
    <View
      accessibilityComponentType={undefined}
      accessibilityLabel={undefined}
      accessibilityTraits={undefined}
      accessible={true}
      hitSlop={undefined}
      onLayout={undefined}
      onResponderGrant={[Function]}
      onResponderMove={[Function]}
      onResponderRelease={[Function]}
      onResponderTerminate={[Function]}
      onResponderTerminationRequest={[Function]}
      onStartShouldSetResponder={[Function]}
      style={
        Array [
          Object {
            "backgroundColor": "transparent",
          },
          undefined,
        ]
      }
      testID={undefined}>
      <View
        style={
          Object {
            "borderBottomWidth": 1,
            "borderColor": "#969696",
            "flex": 2,
            "flexDirection": "row",
            "padding": 2,
            "width": 750,
          }
        }>
        <Image
          source={
            Object {
              "uri": "http://www.brycomm.com/wp-content/uploads/2011/08/Samsung-Logo.png",
            }
          }
          style={
            Object {
              "flex": 1,
              "height": 80,
            }
          } />
        <View
          style={
            Object {
              "alignItems": "center",
              "backgroundColor": "#E6E6E6",
              "flex": 1,
              "justifyContent": "center",
            }
          }>
          <Text
            accessible={true}
            allowFontScaling={true}
            ellipsizeMode="tail"
            numberOfLines={3}
            style={
              Object {
                "fontSize": 25,
              }
            }>
            $1.000.000
          </Text>
        </View>
      </View>
    </View>
    <View
      accessibilityComponentType={undefined}
      accessibilityLabel={undefined}
      accessibilityTraits={undefined}
      accessible={true}
      hitSlop={undefined}
      onLayout={undefined}
      onResponderGrant={[Function]}
      onResponderMove={[Function]}
      onResponderRelease={[Function]}
      onResponderTerminate={[Function]}
      onResponderTerminationRequest={[Function]}
      onStartShouldSetResponder={[Function]}
      style={
        Array [
          Object {
            "backgroundColor": "transparent",
          },
          undefined,
        ]
      }
      testID={undefined}>
      <View
        style={
          Object {
            "borderBottomWidth": 1,
            "borderColor": "#969696",
            "flex": 2,
            "flexDirection": "row",
            "padding": 2,
            "width": 750,
          }
        }>
        <Image
          source={
            Object {
              "uri": "http://pelfind.me/images/187941/apple-logo-9th.jpg",
            }
          }
          style={
            Object {
              "flex": 1,
              "height": 80,
            }
          } />
        <View
          style={
            Object {
              "alignItems": "center",
              "backgroundColor": "#E6E6E6",
              "flex": 1,
              "justifyContent": "center",
            }
          }>
          <Text
            accessible={true}
            allowFontScaling={true}
            ellipsizeMode="tail"
            numberOfLines={3}
            style={
              Object {
                "fontSize": 25,
              }
            }>
            $10.000
          </Text>
        </View>
      </View>
    </View>
    <View
      accessibilityComponentType={undefined}
      accessibilityLabel={undefined}
      accessibilityTraits={undefined}
      accessible={true}
      hitSlop={undefined}
      onLayout={undefined}
      onResponderGrant={[Function]}
      onResponderMove={[Function]}
      onResponderRelease={[Function]}
      onResponderTerminate={[Function]}
      onResponderTerminationRequest={[Function]}
      onStartShouldSetResponder={[Function]}
      style={
        Array [
          Object {
            "backgroundColor": "transparent",
          },
          undefined,
        ]
      }
      testID={undefined}>
      <View
        style={
          Object {
            "borderBottomWidth": 1,
            "borderColor": "#969696",
            "flex": 2,
            "flexDirection": "row",
            "padding": 2,
            "width": 750,
          }
        }>
        <Image
          source={
            Object {
              "uri": "http://emblemsbf.com/img/7808.jpg",
            }
          }
          style={
            Object {
              "flex": 1,
              "height": 80,
            }
          } />
        <View
          style={
            Object {
              "alignItems": "center",
              "backgroundColor": "#E6E6E6",
              "flex": 1,
              "justifyContent": "center",
            }
          }>
          <Text
            accessible={true}
            allowFontScaling={true}
            ellipsizeMode="tail"
            numberOfLines={3}
            style={
              Object {
                "fontSize": 25,
              }
            }>
            $55.000
          </Text>
        </View>
      </View>
    </View>
  </ScrollView>
</View>
`;
