exports[`test renders correctly 1`] = `
<View
  style={
    Object {
      "alignItems": "center",
      "backgroundColor": "#F6F6F6",
      "height": 1334,
      "justifyContent": "center",
      "width": 750,
    }
  }>
  <View
    style={
      Object {
        "backgroundColor": "#E6E6E6",
        "borderColor": "#E6E6E6",
        "borderRadius": 5,
        "borderWidth": 0.5,
        "elevation": 3,
        "margin": 20,
      }
    }>
    <Text
      accessible={true}
      allowFontScaling={true}
      ellipsizeMode="tail"
      style={
        Object {
          "fontSize": 30,
          "marginBottom": 20,
          "marginTop": 20,
          "textAlign": "center",
        }
      }>
       ¡Gracias por contestar la encuesta! 
    </Text>
    <Text
      accessible={true}
      allowFontScaling={true}
      ellipsizeMode="tail"
      style={
        Object {
          "fontSize": 20,
          "marginBottom": 30,
          "textAlign": "center",
        }
      }>
       Tu opinión servirá para que cada vez te atiendan mejor 
    </Text>
    <View
      accessibilityComponentType="button"
      accessibilityLabel="Acepta"
      accessibilityTraits={
        Array [
          "button",
        ]
      }
      accessible={true}
      hitSlop={undefined}
      onLayout={undefined}
      onResponderGrant={[Function]}
      onResponderMove={[Function]}
      onResponderRelease={[Function]}
      onResponderTerminate={[Function]}
      onResponderTerminationRequest={[Function]}
      onStartShouldSetResponder={[Function]}
      style={
        Object {
          "opacity": 1,
        }
      }
      testID={undefined}>
      <View
        style={
          Array [
            Object {},
          ]
        }>
        <Text
          accessible={true}
          allowFontScaling={true}
          ellipsizeMode="tail"
          style={
            Array [
              Object {
                "color": "#0C42FD",
                "fontSize": 18,
                "padding": 8,
                "textAlign": "center",
              },
              Object {
                "color": "#841584",
              },
            ]
          }>
          Aceptar
        </Text>
      </View>
    </View>
  </View>
</View>
`;
