exports[`test renders correctly 1`] = `
<ScrollView
  style={Object {}}>
  <View
    style={
      Object {
        "alignItems": "center",
        "flex": 1,
        "flexDirection": "row",
        "justifyContent": "center",
        "paddingBottom": 20,
        "paddingTop": 20,
      }
    }>
    <View
      style={
        Object {
          "alignItems": "center",
          "flex": 1,
          "flexDirection": "column",
          "justifyContent": "center",
          "maxWidth": 250,
        }
      }>
      <View
        style={
          Object {
            "backgroundColor": "#E6F4F6",
            "borderRadius": 50,
            "height": 100,
            "marginBottom": 20,
            "width": 100,
          }
        } />
      <Text
        accessible={true}
        allowFontScaling={true}
        ellipsizeMode="tail"
        style={
          Object {
            "color": "#888888",
            "fontSize": 24,
            "fontWeight": "bold",
            "marginBottom": 30,
          }
        }>
        Registro
      </Text>
      <View
        style={
          Object {
            "flexDirection": "row",
            "marginBottom": 20,
          }
        }>
        <TextInput
          maxLength={30}
          onChangeText={[Function]}
          placeholder="Nombre"
          style={
            Object {
              "flex": 1,
              "height": 40,
            }
          } />
      </View>
      <View
        style={
          Object {
            "flexDirection": "row",
            "marginBottom": 20,
          }
        }>
        <TextInput
          maxLength={30}
          onChangeText={[Function]}
          placeholder="Apellido"
          style={
            Object {
              "flex": 1,
              "height": 40,
            }
          } />
      </View>
      <View
        style={
          Object {
            "flexDirection": "row",
            "marginBottom": 20,
          }
        }>
        <TextInput
          maxLength={30}
          onChangeText={[Function]}
          placeholder="Correo"
          style={
            Object {
              "flex": 1,
              "height": 40,
            }
          } />
      </View>
      <View
        style={
          Object {
            "flexDirection": "row",
            "marginLeft": 6,
          }
        }>
        <Text
          accessible={true}
          allowFontScaling={true}
          ellipsizeMode="tail"
          style={
            Object {
              "color": "#999",
              "flex": 1,
              "fontSize": 12,
            }
          }>
          GÃ©nero:
        </Text>
      </View>
      <View
        style={
          Object {
            "flexDirection": "row",
            "marginBottom": 30,
          }
        }>
        <View
          style={
            Object {
              "flex": 1,
            }
          }>
          <RCTPicker
            items={
              Array [
                Object {
                  "label": "Masculino",
                  "value": "m",
                },
                Object {
                  "label": "Femenino",
                  "value": "f",
                },
                Object {
                  "label": "Otro",
                  "value": "o",
                },
              ]
            }
            onChange={[Function]}
            onResponderTerminationRequest={[Function]}
            onStartShouldSetResponder={[Function]}
            selectedIndex={0}
            style={
              Array [
                Object {
                  "height": 216,
                },
                undefined,
              ]
            } />
        </View>
      </View>
      <View
        style={
          Object {
            "flexDirection": "row",
            "marginBottom": 20,
          }
        }>
        <View
          accessibilityComponentType={undefined}
          accessibilityLabel={undefined}
          accessibilityTraits={undefined}
          accessible={true}
          hitSlop={undefined}
          onLayout={undefined}
          onResponderGrant={[Function]}
          onResponderMove={[Function]}
          onResponderRelease={[Function]}
          onResponderTerminate={[Function]}
          onResponderTerminationRequest={[Function]}
          onStartShouldSetResponder={[Function]}
          style={
            Array [
              Object {
                "backgroundColor": "transparent",
              },
              Array [
                Object {
                  "width": 142,
                },
                Object {
                  "flex": 1,
                },
              ],
            ]
          }
          testID={undefined}>
          <View
            style={
              Array [
                Object {
                  "alignItems": "center",
                  "flexDirection": "row",
                  "height": 40,
                  "justifyContent": "center",
                },
                undefined,
              ]
            }>
            <View
              style={
                Array [
                  Object {
                    "alignItems": "center",
                    "borderColor": "#aaa",
                    "borderWidth": 1,
                    "flex": 1,
                    "height": 40,
                    "justifyContent": "center",
                  },
                  Object {
                    "marginLeft": 36,
                  },
                  false,
                  false,
                ]
              }>
              <Text
                accessible={true}
                allowFontScaling={true}
                ellipsizeMode="tail"
                style={
                  Array [
                    Object {
                      "color": "#c9c9c9",
                    },
                    undefined,
                  ]
                }>
                Fecha de nacimiento
              </Text>
            </View>
            <Image
              source={1}
              style={
                Array [
                  Object {
                    "height": 32,
                    "marginLeft": 5,
                    "marginRight": 5,
                    "width": 32,
                  },
                  Object {
                    "left": 0,
                    "marginLeft": 0,
                    "position": "absolute",
                    "top": 4,
                  },
                ]
              } />
            <Modal
              onRequestClose={[Function]}
              transparent={true}
              visible={false}>
              <View
                style={
                  Object {
                    "flex": 1,
                  }
                }>
                <View
                  accessibilityComponentType={undefined}
                  accessibilityLabel={undefined}
                  accessibilityTraits={undefined}
                  accessible={true}
                  hitSlop={undefined}
                  onLayout={undefined}
                  onResponderGrant={[Function]}
                  onResponderMove={[Function]}
                  onResponderRelease={[Function]}
                  onResponderTerminate={[Function]}
                  onResponderTerminationRequest={[Function]}
                  onStartShouldSetResponder={[Function]}
                  style={
                    Array [
                      Object {
                        "backgroundColor": "transparent",
                      },
                      Object {
                        "alignItems": "flex-end",
                        "backgroundColor": "#00000077",
                        "flex": 1,
                        "flexDirection": "row",
                      },
                    ]
                  }
                  testID={undefined}>
                  <View
                    accessibilityComponentType={undefined}
                    accessibilityLabel={undefined}
                    accessibilityTraits={undefined}
                    accessible={true}
                    hitSlop={undefined}
                    onLayout={undefined}
                    onResponderGrant={[Function]}
                    onResponderMove={[Function]}
                    onResponderRelease={[Function]}
                    onResponderTerminate={[Function]}
                    onResponderTerminationRequest={[Function]}
                    onStartShouldSetResponder={[Function]}
                    style={
                      Array [
                        Object {
                          "backgroundColor": "transparent",
                        },
                        Object {
                          "flex": 1,
                        },
                      ]
                    }
                    testID={undefined}>
                    <View
                      style={
                        Object {
                          "backgroundColor": "#fff",
                          "height": 0,
                          "overflow": "hidden",
                        }
                      }>
                      <View
                        style={
                          Array [
                            Object {
                              "borderTopColor": "#ccc",
                              "borderTopWidth": 1,
                              "marginTop": 42,
                            },
                            undefined,
                          ]
                        }>
                        <RCTDatePicker
                          date={1262314800000}
                          maximumDate={1262314800000}
                          minimumDate={-2208978000000}
                          minuteInterval={undefined}
                          mode="date"
                          onChange={[Function]}
                          onResponderTerminationRequest={[Function]}
                          onStartShouldSetResponder={[Function]}
                          style={
                            Object {
                              "height": 216,
                            }
                          }
                          timeZoneOffsetInMinutes={undefined} />
                      </View>
                      <View
                        accessibilityComponentType={undefined}
                        accessibilityLabel={undefined}
                        accessibilityTraits={undefined}
                        accessible={true}
                        hitSlop={undefined}
                        onLayout={undefined}
                        onResponderGrant={[Function]}
                        onResponderMove={[Function]}
                        onResponderRelease={[Function]}
                        onResponderTerminate={[Function]}
                        onResponderTerminationRequest={[Function]}
                        onStartShouldSetResponder={[Function]}
                        style={
                          Array [
                            Object {
                              "backgroundColor": "transparent",
                            },
                            Array [
                              Object {
                                "alignItems": "center",
                                "flexDirection": "row",
                                "height": 42,
                                "justifyContent": "center",
                                "padding": 20,
                                "position": "absolute",
                                "top": 0,
                              },
                              Object {
                                "left": 0,
                              },
                              undefined,
                            ],
                          ]
                        }
                        testID={undefined}>
                        <Text
                          accessible={true}
                          allowFontScaling={true}
                          ellipsizeMode="tail"
                          style={
                            Array [
                              Object {
                                "color": "#46cf98",
                                "fontSize": 16,
                              },
                              Object {
                                "color": "#666",
                              },
                              undefined,
                            ]
                          }>
                          Cancelar
                        </Text>
                      </View>
                      <View
                        accessibilityComponentType={undefined}
                        accessibilityLabel={undefined}
                        accessibilityTraits={undefined}
                        accessible={true}
                        hitSlop={undefined}
                        onLayout={undefined}
                        onResponderGrant={[Function]}
                        onResponderMove={[Function]}
                        onResponderRelease={[Function]}
                        onResponderTerminate={[Function]}
                        onResponderTerminationRequest={[Function]}
                        onStartShouldSetResponder={[Function]}
                        style={
                          Array [
                            Object {
                              "backgroundColor": "transparent",
                            },
                            Array [
                              Object {
                                "alignItems": "center",
                                "flexDirection": "row",
                                "height": 42,
                                "justifyContent": "center",
                                "padding": 20,
                                "position": "absolute",
                                "top": 0,
                              },
                              Object {
                                "right": 0,
                              },
                              undefined,
                            ],
                          ]
                        }
                        testID={undefined}>
                        <Text
                          accessible={true}
                          allowFontScaling={true}
                          ellipsizeMode="tail"
                          style={
                            Array [
                              Object {
                                "color": "#46cf98",
                                "fontSize": 16,
                              },
                              undefined,
                            ]
                          }>
                          Confirmar
                        </Text>
                      </View>
                    </View>
                  </View>
                </View>
              </View>
            </Modal>
          </View>
        </View>
      </View>
      <View
        style={
          Object {
            "flexDirection": "row",
            "marginBottom": 20,
          }
        }>
        <TextInput
          maxLength={30}
          onChangeText={[Function]}
          placeholder="ContraseÃ±a"
          secureTextEntry={true}
          style={
            Object {
              "flex": 1,
              "height": 40,
            }
          } />
      </View>
      <View
        style={
          Object {
            "flexDirection": "row",
            "marginBottom": 20,
          }
        }>
        <TextInput
          maxLength={30}
          onChangeText={[Function]}
          placeholder="Confirmar ContraseÃ±a"
          secureTextEntry={true}
          style={
            Object {
              "flex": 1,
              "height": 40,
            }
          } />
      </View>
      <View
        style={
          Object {
            "flexDirection": "row",
            "marginBottom": 10,
          }
        }>
        <View
          accessibilityComponentType={undefined}
          accessibilityLabel={undefined}
          accessibilityTraits={undefined}
          accessible={true}
          hitSlop={undefined}
          onLayout={undefined}
          onResponderGrant={[Function]}
          onResponderMove={[Function]}
          onResponderRelease={[Function]}
          onResponderTerminate={[Function]}
          onResponderTerminationRequest={[Function]}
          onStartShouldSetResponder={[Function]}
          style={
            Array [
              Object {
                "backgroundColor": "transparent",
              },
              Object {
                "alignItems": "center",
                "backgroundColor": "#3FA9F5",
                "borderRadius": 5,
                "flex": 1,
                "flexDirection": "row",
                "justifyContent": "center",
              },
            ]
          }
          testID={undefined}>
          <Text
            accessible={true}
            allowFontScaling={true}
            ellipsizeMode="tail"
            style={
              Object {
                "color": "white",
                "fontSize": 15,
                "paddingBottom": 10,
                "paddingTop": 10,
              }
            }>
            ENTRAR
          </Text>
        </View>
      </View>
    </View>
  </View>
</ScrollView>
`;
